cargo-bisect-rustc 0.6.3

USAGE:
    cargo-bisect-rustc [FLAGS] [OPTIONS] [-- <command-args>...]

FLAGS:
    -a, --alt                
            Download the alt build instead of normal build

        --by-commit          
            Bisect via commit artifacts

        --force-install      
            Force installation over existing artifacts

    -h, --help               
            Prints help information

        --preserve           
            Preserve the downloaded artifacts

        --preserve-target    
            Preserve the target directory used for builds

        --prompt             
            Manually evaluate for regression with prompts

    -V, --version            
            Prints version information

        --verbose            
            

        --with-dev           
            Download rustc-dev [default: no download]

        --with-src           
            Download rust-src [default: no download]

        --without-cargo      
            Do not install cargo [default: install cargo]


OPTIONS:
        --access <access>              
            How to access Rust git repository [github|checkout]

    -c, --component <components>...    
            additional components to install

        --end <end>                    
            Right bound for search (*with* regression). You can use a date (YYYY-MM-DD), git tag name (e.g. 1.58.0) or
            git commit SHA.
        --host <host>                  
            Host triple for the compiler [default: unknown]

        --install <install>            
            Install the given artifact

        --regress <regress>            
            Custom regression definition [error|non-error|ice|non-ice|success] [default: error]

        --script <script>              
            Script replacement for `cargo build` command

        --start <start>                
            Left bound for search (*without* regression). You can use a date (YYYY-MM-DD), git tag name (e.g. 1.58.0) or
            git commit SHA.
        --target <target>              
            Cross-compilation target platform

        --test-dir <test-dir>          
            Root directory for tests [default: .]

    -t, --timeout <timeout>            
            Assume failure after specified number of seconds (for bisecting hangs)


ARGS:
    <command-args>...    
            Arguments to pass to cargo or the file specified by --script during tests


EXAMPLES:
    Run a fully automatic nightly bisect doing `cargo check`:
    ```
    cargo bisect-rustc --start 2018-07-07 --end 2018-07-30 --test-dir ../my_project/ -- check
    ```

    Run a PR-based bisect with manual prompts after each run doing `cargo build`:
    ```
    cargo bisect-rustc --start 6a1c0637ce44aeea6c60527f4c0e7fb33f2bcd0d /
      --end 866a713258915e6cbb212d135f751a6a8c9e1c0a --test-dir ../my_project/ --prompt -- build
    ```
